// Vitest Snapshot v1, https://vitest.dev/guide/snapshot.html

exports[`registerAgentExecutionHandlers - チャンネル登録スナップショット > REG-SNAP-AGENT-EXEC-01〜REG-COUNT-AGENT-EXEC-01: 正常系 > REG-SNAP-AGENT-EXEC-01: 登録チャンネル一覧がスナップショットと一致する 1`] = `
[
  "agent:get-active-executions",
  "agent:permission:res",
  "agent:start",
  "agent:stop",
  "agent:stop-all",
]
`;
