// Vitest Snapshot v1, https://vitest.dev/guide/snapshot.html

exports[`registerRuntimeSkillCreatorHandlers - チャンネル登録スナップショット > REG-SNAP-01〜REG-COUNT-01: 正常系 > REG-SNAP-01: 登録チャンネル一覧がスナップショットと一致する 1`] = `
[
  "skill-creator:apply-improvement",
  "skill-creator:cleanup-expired-sessions",
  "skill-creator:configure-api",
  "skill-creator:delete-session",
  "skill-creator:execute-plan",
  "skill-creator:get-adapter-status",
  "skill-creator:get-governance-state",
  "skill-creator:get-session-detail",
  "skill-creator:get-verify-detail",
  "skill-creator:get-workflow-state",
  "skill-creator:improve-skill",
  "skill-creator:list-sessions",
  "skill-creator:normalize-sdk-messages",
  "skill-creator:output-overwrite-approved",
  "skill-creator:plan",
  "skill-creator:resume-session",
  "skill-creator:reverify-workflow",
  "skill-creator:submit-user-input",
  "skill-creator:verify",
]
`;
