// Vitest Snapshot v1, https://vitest.dev/guide/snapshot.html

exports[`registerSkillScheduleHandlers - チャンネル登録スナップショット > REG-SNAP-SKILLSCHEDULE-01〜REG-COUNT-SKILLSCHEDULE-01: 正常系 > REG-SNAP-SKILLSCHEDULE-01: 登録チャンネル一覧がスナップショットと一致する 1`] = `
[
  "skill:schedule:add",
  "skill:schedule:delete",
  "skill:schedule:list",
  "skill:schedule:toggle",
  "skill:schedule:update",
]
`;
