// Vitest Snapshot v1, https://vitest.dev/guide/snapshot.html

exports[`registerSkillAnalyticsHandlers - チャンネル登録スナップショット > REG-SNAP-SKILLANALYTICS-01〜REG-COUNT-SKILLANALYTICS-01: 正常系 > REG-SNAP-SKILLANALYTICS-01: 登録チャンネル一覧がスナップショットと一致する 1`] = `
[
  "skill:analytics:export",
  "skill:analytics:record",
  "skill:analytics:statistics",
  "skill:analytics:summary",
  "skill:analytics:trend",
]
`;
